Archive member included because of file (symbol)

c:/program files (x86)/atmel/atmel toolchain/avr8 gcc/native/3.4.2.1002/avr8-gnu-toolchain/bin/../lib/gcc/avr/4.7.2/avr5\libgcc.a(_exit.o)
                              c:/program files (x86)/atmel/atmel toolchain/avr8 gcc/native/3.4.2.1002/avr8-gnu-toolchain/bin/../lib/gcc/avr/4.7.2/../../../../avr/lib/avr5/crtm32.o (exit)

Discarded input sections

 .bss           0x00000000        0x0 c:/program files (x86)/atmel/atmel toolchain/avr8 gcc/native/3.4.2.1002/avr8-gnu-toolchain/bin/../lib/gcc/avr/4.7.2/../../../../avr/lib/avr5/crtm32.o
 .group         0x00000000        0x8 src/ASF/mega/boards/stk600/rcx_x/init.o
 .group         0x00000000        0x8 src/ASF/mega/boards/stk600/rcx_x/init.o
 .group         0x00000000        0x8 src/ASF/mega/boards/stk600/rcx_x/init.o
 .group         0x00000000        0x8 src/ASF/mega/boards/stk600/rcx_x/init.o
 .group         0x00000000        0x8 src/ASF/mega/boards/stk600/rcx_x/init.o
 .group         0x00000000        0x8 src/ASF/mega/boards/stk600/rcx_x/init.o
 .group         0x00000000        0x8 src/ASF/mega/boards/stk600/rcx_x/init.o
 .group         0x00000000        0x8 src/ASF/mega/boards/stk600/rcx_x/init.o
 .group         0x00000000        0x8 src/ASF/mega/boards/stk600/rcx_x/init.o
 .group         0x00000000        0x8 src/ASF/mega/boards/stk600/rcx_x/init.o
 .group         0x00000000        0x8 src/ASF/mega/boards/stk600/rcx_x/init.o
 .group         0x00000000        0x8 src/ASF/mega/boards/stk600/rcx_x/init.o
 .group         0x00000000        0x8 src/ASF/mega/boards/stk600/rcx_x/init.o
 .group         0x00000000        0x8 src/ASF/mega/boards/stk600/rcx_x/init.o
 .group         0x00000000        0x8 src/ASF/mega/boards/stk600/rcx_x/init.o
 .group         0x00000000        0x8 src/ASF/mega/boards/stk600/rcx_x/init.o
 .group         0x00000000        0x8 src/ASF/mega/boards/stk600/rcx_x/init.o
 .group         0x00000000        0x8 src/ASF/mega/boards/stk600/rcx_x/init.o
 .group         0x00000000        0x8 src/ASF/mega/boards/stk600/rcx_x/init.o
 .group         0x00000000        0x8 src/ASF/mega/boards/stk600/rcx_x/init.o
 .group         0x00000000        0x8 src/ASF/mega/boards/stk600/rcx_x/init.o
 .group         0x00000000        0x8 src/ASF/mega/boards/stk600/rcx_x/init.o
 .group         0x00000000        0x8 src/ASF/mega/boards/stk600/rcx_x/init.o
 .group         0x00000000        0x8 src/ASF/mega/boards/stk600/rcx_x/init.o
 .group         0x00000000        0x8 src/ASF/mega/boards/stk600/rcx_x/init.o
 .text          0x00000000        0x0 src/ASF/mega/boards/stk600/rcx_x/init.o
 .bss           0x00000000        0x0 src/ASF/mega/boards/stk600/rcx_x/init.o
 .text.board_init
                0x00000000        0x2 src/ASF/mega/boards/stk600/rcx_x/init.o
 .group         0x00000000        0x8 src/avr.o
 .group         0x00000000        0x8 src/avr.o
 .group         0x00000000        0x8 src/avr.o
 .group         0x00000000        0x8 src/avr.o
 .group         0x00000000        0x8 src/avr.o
 .group         0x00000000        0x8 src/avr.o
 .group         0x00000000        0x8 src/avr.o
 .group         0x00000000        0x8 src/avr.o
 .group         0x00000000        0x8 src/avr.o
 .group         0x00000000        0x8 src/avr.o
 .group         0x00000000        0x8 src/avr.o
 .group         0x00000000        0x8 src/avr.o
 .group         0x00000000        0x8 src/avr.o
 .group         0x00000000        0x8 src/avr.o
 .group         0x00000000        0x8 src/avr.o
 .group         0x00000000        0x8 src/avr.o
 .text          0x00000000        0x0 src/avr.o
 .bss           0x00000000        0x0 src/avr.o
 .text.LCD      0x00000000       0x10 src/avr.o
 .text.start_led
                0x00000000       0x20 src/avr.o
 .debug_macro   0x00000000      0x5a4 src/avr.o
 .debug_macro   0x00000000       0x10 src/avr.o
 .debug_macro   0x00000000      0x1ad src/avr.o
 .debug_macro   0x00000000      0x293 src/avr.o
 .debug_macro   0x00000000       0x9e src/avr.o
 .debug_macro   0x00000000      0xbfa src/avr.o
 .debug_macro   0x00000000      0x170 src/avr.o
 .debug_macro   0x00000000       0xbd src/avr.o
 .debug_macro   0x00000000       0x34 src/avr.o
 .debug_macro   0x00000000       0x18 src/avr.o
 .debug_macro   0x00000000       0x6c src/avr.o
 .debug_macro   0x00000000       0x10 src/avr.o
 .group         0x00000000        0x8 src/lcd.o
 .group         0x00000000        0x8 src/lcd.o
 .group         0x00000000        0x8 src/lcd.o
 .group         0x00000000        0x8 src/lcd.o
 .group         0x00000000        0x8 src/lcd.o
 .group         0x00000000        0x8 src/lcd.o
 .group         0x00000000        0x8 src/lcd.o
 .group         0x00000000        0x8 src/lcd.o
 .group         0x00000000        0x8 src/lcd.o
 .group         0x00000000        0x8 src/lcd.o
 .group         0x00000000        0x8 src/lcd.o
 .group         0x00000000        0x8 src/lcd.o
 .group         0x00000000        0x8 src/lcd.o
 .group         0x00000000        0x8 src/lcd.o
 .group         0x00000000        0x8 src/lcd.o
 .group         0x00000000        0x8 src/lcd.o
 .text          0x00000000        0x0 src/lcd.o
 .bss           0x00000000        0x0 src/lcd.o
 .text.output   0x00000000       0x1e src/lcd.o
 .text.write    0x00000000       0x20 src/lcd.o
 .text.ini_lcd  0x00000000       0x50 src/lcd.o
 .text.clr_lcd  0x00000000        0xa src/lcd.o
 .text.pos_lcd  0x00000000       0x28 src/lcd.o
 .text.put_lcd  0x00000000        0x8 src/lcd.o
 .text.put_const_str_lcd
                0x00000000       0x26 src/lcd.o
 .text.put_str_lcd
                0x00000000       0x1e src/lcd.o
 .debug_macro   0x00000000      0x5a4 src/lcd.o
 .debug_macro   0x00000000       0x10 src/lcd.o
 .debug_macro   0x00000000      0x1ad src/lcd.o
 .debug_macro   0x00000000      0x293 src/lcd.o
 .debug_macro   0x00000000       0x9e src/lcd.o
 .debug_macro   0x00000000      0xbfa src/lcd.o
 .debug_macro   0x00000000      0x170 src/lcd.o
 .debug_macro   0x00000000       0xbd src/lcd.o
 .debug_macro   0x00000000       0x34 src/lcd.o
 .debug_macro   0x00000000       0x18 src/lcd.o
 .debug_macro   0x00000000       0x6c src/lcd.o
 .debug_macro   0x00000000       0x63 src/lcd.o
 .debug_macro   0x00000000       0x10 src/lcd.o
 .debug_macro   0x00000000       0x89 src/lcd.o
 .debug_macro   0x00000000       0xe0 src/lcd.o
 .debug_macro   0x00000000       0x2e src/lcd.o
 .text          0x00000000        0x0 c:/program files (x86)/atmel/atmel toolchain/avr8 gcc/native/3.4.2.1002/avr8-gnu-toolchain/bin/../lib/gcc/avr/4.7.2/avr5\libgcc.a(_exit.o)
 .bss           0x00000000        0x0 c:/program files (x86)/atmel/atmel toolchain/avr8 gcc/native/3.4.2.1002/avr8-gnu-toolchain/bin/../lib/gcc/avr/4.7.2/avr5\libgcc.a(_exit.o)
 .text.libgcc.mul
                0x00000000        0x0 c:/program files (x86)/atmel/atmel toolchain/avr8 gcc/native/3.4.2.1002/avr8-gnu-toolchain/bin/../lib/gcc/avr/4.7.2/avr5\libgcc.a(_exit.o)
 .text.libgcc.div
                0x00000000        0x0 c:/program files (x86)/atmel/atmel toolchain/avr8 gcc/native/3.4.2.1002/avr8-gnu-toolchain/bin/../lib/gcc/avr/4.7.2/avr5\libgcc.a(_exit.o)
 .text.libgcc   0x00000000        0x0 c:/program files (x86)/atmel/atmel toolchain/avr8 gcc/native/3.4.2.1002/avr8-gnu-toolchain/bin/../lib/gcc/avr/4.7.2/avr5\libgcc.a(_exit.o)
 .text.libgcc.prologue
                0x00000000        0x0 c:/program files (x86)/atmel/atmel toolchain/avr8 gcc/native/3.4.2.1002/avr8-gnu-toolchain/bin/../lib/gcc/avr/4.7.2/avr5\libgcc.a(_exit.o)
 .text.libgcc.builtins
                0x00000000        0x0 c:/program files (x86)/atmel/atmel toolchain/avr8 gcc/native/3.4.2.1002/avr8-gnu-toolchain/bin/../lib/gcc/avr/4.7.2/avr5\libgcc.a(_exit.o)
 .text.libgcc.fmul
                0x00000000        0x0 c:/program files (x86)/atmel/atmel toolchain/avr8 gcc/native/3.4.2.1002/avr8-gnu-toolchain/bin/../lib/gcc/avr/4.7.2/avr5\libgcc.a(_exit.o)

Memory Configuration

Name             Origin             Length             Attributes
text             0x00000000         0x00020000         xr
data             0x00800060         0x0000ffa0         rw !x
eeprom           0x00810000         0x00010000         rw !x
fuse             0x00820000         0x00000400         rw !x
lock             0x00830000         0x00000400         rw !x
signature        0x00840000         0x00000400         rw !x
user_signatures  0x00850000         0x00000400         rw !x
*default*        0x00000000         0xffffffff

Linker script and memory map

LOAD c:/program files (x86)/atmel/atmel toolchain/avr8 gcc/native/3.4.2.1002/avr8-gnu-toolchain/bin/../lib/gcc/avr/4.7.2/../../../../avr/lib/avr5/crtm32.o
LOAD src/ASF/mega/boards/stk600/rcx_x/init.o
LOAD src/avr.o
LOAD src/lcd.o
START GROUP
END GROUP
LOAD c:/program files (x86)/atmel/atmel toolchain/avr8 gcc/native/3.4.2.1002/avr8-gnu-toolchain/bin/../lib/gcc/avr/4.7.2/avr5\libgcc.a
LOAD c:/program files (x86)/atmel/atmel toolchain/avr8 gcc/native/3.4.2.1002/avr8-gnu-toolchain/bin/../lib/gcc/avr/4.7.2/../../../../avr/lib/avr5\libc.a
LOAD c:/program files (x86)/atmel/atmel toolchain/avr8 gcc/native/3.4.2.1002/avr8-gnu-toolchain/bin/../lib/gcc/avr/4.7.2/avr5\libgcc.a

.hash
 *(.hash)

.dynsym
 *(.dynsym)

.dynstr
 *(.dynstr)

.gnu.version
 *(.gnu.version)

.gnu.version_d
 *(.gnu.version_d)

.gnu.version_r
 *(.gnu.version_r)

.rel.init
 *(.rel.init)

.rela.init
 *(.rela.init)

.rel.text
 *(.rel.text)
 *(.rel.text.*)
 *(.rel.gnu.linkonce.t*)

.rela.text
 *(.rela.text)
 *(.rela.text.*)
 *(.rela.gnu.linkonce.t*)

.rel.fini
 *(.rel.fini)

.rela.fini
 *(.rela.fini)

.rel.rodata
 *(.rel.rodata)
 *(.rel.rodata.*)
 *(.rel.gnu.linkonce.r*)

.rela.rodata
 *(.rela.rodata)
 *(.rela.rodata.*)
 *(.rela.gnu.linkonce.r*)

.rel.data
 *(.rel.data)
 *(.rel.data.*)
 *(.rel.gnu.linkonce.d*)

.rela.data
 *(.rela.data)
 *(.rela.data.*)
 *(.rela.gnu.linkonce.d*)

.rel.ctors
 *(.rel.ctors)

.rela.ctors
 *(.rela.ctors)

.rel.dtors
 *(.rel.dtors)

.rela.dtors
 *(.rela.dtors)

.rel.got
 *(.rel.got)

.rela.got
 *(.rela.got)

.rel.bss
 *(.rel.bss)

.rela.bss
 *(.rela.bss)

.rel.plt
 *(.rel.plt)

.rela.plt
 *(.rela.plt)

.text           0x00000000      0x1ac
 *(.vectors)
 .vectors       0x00000000       0x54 c:/program files (x86)/atmel/atmel toolchain/avr8 gcc/native/3.4.2.1002/avr8-gnu-toolchain/bin/../lib/gcc/avr/4.7.2/../../../../avr/lib/avr5/crtm32.o
                0x00000000                __vector_default
                0x00000000                __vectors
 *(.vectors)
 *(.progmem.gcc*)
 *(.progmem*)
                0x00000054                . = ALIGN (0x2)
                0x00000054                __trampolines_start = .
 *(.trampolines)
 .trampolines   0x00000054        0x0 linker stubs
 *(.trampolines*)
                0x00000054                __trampolines_end = .
 *(.jumptables)
 *(.jumptables*)
 *(.lowtext)
 *(.lowtext*)
                0x00000054                __ctors_start = .
 *(.ctors)
                0x00000054                __ctors_end = .
                0x00000054                __dtors_start = .
 *(.dtors)
                0x00000054                __dtors_end = .
 SORT(*)(.ctors)
 SORT(*)(.dtors)
 *(.init0)
 .init0         0x00000054        0x0 c:/program files (x86)/atmel/atmel toolchain/avr8 gcc/native/3.4.2.1002/avr8-gnu-toolchain/bin/../lib/gcc/avr/4.7.2/../../../../avr/lib/avr5/crtm32.o
                0x00000054                __init
 *(.init0)
 *(.init1)
 *(.init1)
 *(.init2)
 .init2         0x00000054        0xc c:/program files (x86)/atmel/atmel toolchain/avr8 gcc/native/3.4.2.1002/avr8-gnu-toolchain/bin/../lib/gcc/avr/4.7.2/../../../../avr/lib/avr5/crtm32.o
 *(.init2)
 *(.init3)
 *(.init3)
 *(.init4)
 *(.init4)
 *(.init5)
 *(.init5)
 *(.init6)
 *(.init6)
 *(.init7)
 *(.init7)
 *(.init8)
 *(.init8)
 *(.init9)
 .init9         0x00000060        0x4 c:/program files (x86)/atmel/atmel toolchain/avr8 gcc/native/3.4.2.1002/avr8-gnu-toolchain/bin/../lib/gcc/avr/4.7.2/../../../../avr/lib/avr5/crtm32.o
 *(.init9)
 *(.text)
 .text          0x00000064        0x2 c:/program files (x86)/atmel/atmel toolchain/avr8 gcc/native/3.4.2.1002/avr8-gnu-toolchain/bin/../lib/gcc/avr/4.7.2/../../../../avr/lib/avr5/crtm32.o
                0x00000064                __vector_1
                0x00000064                __vector_12
                0x00000064                __bad_interrupt
                0x00000064                __vector_6
                0x00000064                __vector_3
                0x00000064                __vector_11
                0x00000064                __vector_13
                0x00000064                __vector_17
                0x00000064                __vector_19
                0x00000064                __vector_7
                0x00000064                __vector_5
                0x00000064                __vector_4
                0x00000064                __vector_9
                0x00000064                __vector_2
                0x00000064                __vector_15
                0x00000064                __vector_8
                0x00000064                __vector_14
                0x00000064                __vector_10
                0x00000064                __vector_16
                0x00000064                __vector_18
                0x00000064                __vector_20
                0x00000066                . = ALIGN (0x2)
 *(.text.*)
 .text.pressed  0x00000066       0x54 src/avr.o
                0x00000066                pressed
 .text.get_key  0x000000ba       0x5c src/avr.o
                0x000000ba                get_key
 .text.ini_avr  0x00000116       0x16 src/avr.o
                0x00000116                ini_avr
 .text.wait_avr
                0x0000012c       0x1e src/avr.o
                0x0000012c                wait_avr
 .text.blinkNTimes
                0x0000014a       0x38 src/avr.o
                0x0000014a                blinkNTimes
 .text.read_keyPad
                0x00000182       0x22 src/avr.o
                0x00000182                read_keyPad
 .text.main     0x000001a4        0x4 src/avr.o
                0x000001a4                main
                0x000001a8                . = ALIGN (0x2)
 *(.fini9)
 .fini9         0x000001a8        0x0 c:/program files (x86)/atmel/atmel toolchain/avr8 gcc/native/3.4.2.1002/avr8-gnu-toolchain/bin/../lib/gcc/avr/4.7.2/avr5\libgcc.a(_exit.o)
                0x000001a8                _exit
                0x000001a8                exit
 *(.fini9)
 *(.fini8)
 *(.fini8)
 *(.fini7)
 *(.fini7)
 *(.fini6)
 *(.fini6)
 *(.fini5)
 *(.fini5)
 *(.fini4)
 *(.fini4)
 *(.fini3)
 *(.fini3)
 *(.fini2)
 *(.fini2)
 *(.fini1)
 *(.fini1)
 *(.fini0)
 .fini0         0x000001a8        0x4 c:/program files (x86)/atmel/atmel toolchain/avr8 gcc/native/3.4.2.1002/avr8-gnu-toolchain/bin/../lib/gcc/avr/4.7.2/avr5\libgcc.a(_exit.o)
 *(.fini0)
                0x000001ac                _etext = .

.data           0x00800060        0x0 load address 0x000001ac
                0x00800060                PROVIDE (__data_start, .)
 *(.data)
 .data          0x00800060        0x0 c:/program files (x86)/atmel/atmel toolchain/avr8 gcc/native/3.4.2.1002/avr8-gnu-toolchain/bin/../lib/gcc/avr/4.7.2/../../../../avr/lib/avr5/crtm32.o
 .data          0x00800060        0x0 src/ASF/mega/boards/stk600/rcx_x/init.o
 .data          0x00800060        0x0 src/avr.o
 .data          0x00800060        0x0 src/lcd.o
 .data          0x00800060        0x0 c:/program files (x86)/atmel/atmel toolchain/avr8 gcc/native/3.4.2.1002/avr8-gnu-toolchain/bin/../lib/gcc/avr/4.7.2/avr5\libgcc.a(_exit.o)
 *(.data*)
 *(.rodata)
 *(.rodata*)
 *(.gnu.linkonce.d*)
                0x00800060                . = ALIGN (0x2)
                0x00800060                _edata = .
                0x00800060                PROVIDE (__data_end, .)

.bss            0x00800060        0x0
                0x00800060                PROVIDE (__bss_start, .)
 *(.bss)
 *(.bss*)
 *(COMMON)
                0x00800060                PROVIDE (__bss_end, .)
                0x000001ac                __data_load_start = LOADADDR (.data)
                0x000001ac                __data_load_end = (__data_load_start + SIZEOF (.data))

.noinit         0x00800060        0x0
                0x00800060                PROVIDE (__noinit_start, .)
 *(.noinit*)
                0x00800060                PROVIDE (__noinit_end, .)
                0x00800060                _end = .
                0x00800060                PROVIDE (__heap_start, .)

.eeprom         0x00810000        0x0
 *(.eeprom*)
                0x00810000                __eeprom_end = .

.fuse
 *(.fuse)
 *(.lfuse)
 *(.hfuse)
 *(.efuse)

.lock
 *(.lock*)

.signature
 *(.signature*)

.user_signatures
 *(.user_signatures*)

.stab           0x00000000      0x6cc
 *(.stab)
 .stab          0x00000000      0x6cc c:/program files (x86)/atmel/atmel toolchain/avr8 gcc/native/3.4.2.1002/avr8-gnu-toolchain/bin/../lib/gcc/avr/4.7.2/../../../../avr/lib/avr5/crtm32.o

.stabstr        0x00000000       0x97
 *(.stabstr)
 .stabstr       0x00000000       0x97 c:/program files (x86)/atmel/atmel toolchain/avr8 gcc/native/3.4.2.1002/avr8-gnu-toolchain/bin/../lib/gcc/avr/4.7.2/../../../../avr/lib/avr5/crtm32.o

.stab.excl
 *(.stab.excl)

.stab.exclstr
 *(.stab.exclstr)

.stab.index
 *(.stab.index)

.stab.indexstr
 *(.stab.indexstr)

.comment        0x00000000       0x2f
 *(.comment)
 .comment       0x00000000       0x2f src/ASF/mega/boards/stk600/rcx_x/init.o
                                 0x30 (size before relaxing)
 .comment       0x00000000       0x30 src/avr.o
 .comment       0x00000000       0x30 src/lcd.o

.debug
 *(.debug)

.line
 *(.line)

.debug_srcinfo
 *(.debug_srcinfo)

.debug_sfnames
 *(.debug_sfnames)

.debug_aranges  0x00000000       0xd8
 *(.debug_aranges)
 .debug_aranges
                0x00000000       0x20 src/ASF/mega/boards/stk600/rcx_x/init.o
 .debug_aranges
                0x00000020       0x60 src/avr.o
 .debug_aranges
                0x00000080       0x58 src/lcd.o

.debug_pubnames
 *(.debug_pubnames)

.debug_info     0x00000000      0x7f8
 *(.debug_info)
 .debug_info    0x00000000       0x7c src/ASF/mega/boards/stk600/rcx_x/init.o
 .debug_info    0x0000007c      0x30f src/avr.o
 .debug_info    0x0000038b      0x46d src/lcd.o
 *(.gnu.linkonce.wi.*)

.debug_abbrev   0x00000000      0x39e
 *(.debug_abbrev)
 .debug_abbrev  0x00000000       0x47 src/ASF/mega/boards/stk600/rcx_x/init.o
 .debug_abbrev  0x00000047      0x18f src/avr.o
 .debug_abbrev  0x000001d6      0x1c8 src/lcd.o

.debug_line     0x00000000      0xcbb
 *(.debug_line)
 .debug_line    0x00000000      0x38f src/ASF/mega/boards/stk600/rcx_x/init.o
 .debug_line    0x0000038f      0x4b5 src/avr.o
 .debug_line    0x00000844      0x477 src/lcd.o

.debug_frame    0x00000000      0x1b0
 *(.debug_frame)
 .debug_frame   0x00000000       0x24 src/ASF/mega/boards/stk600/rcx_x/init.o
 .debug_frame   0x00000024       0xd8 src/avr.o
 .debug_frame   0x000000fc       0xb4 src/lcd.o

.debug_str      0x00000000     0xaa0a
 *(.debug_str)
 .debug_str     0x00000000     0xa813 src/ASF/mega/boards/stk600/rcx_x/init.o
                               0xa9bb (size before relaxing)
 .debug_str     0x0000a813      0x149 src/avr.o
                               0x5e39 (size before relaxing)
 .debug_str     0x0000a95c       0xae src/lcd.o
                               0x5e90 (size before relaxing)

.debug_loc      0x00000000      0x431
 *(.debug_loc)
 .debug_loc     0x00000000      0x1da src/avr.o
 .debug_loc     0x000001da      0x257 src/lcd.o

.debug_macinfo
 *(.debug_macinfo)

.debug_pubtypes
 *(.debug_pubtypes)

.debug_ranges   0x00000000       0xd8
 *(.debug_ranges)
 .debug_ranges  0x00000000       0x10 src/ASF/mega/boards/stk600/rcx_x/init.o
 .debug_ranges  0x00000010       0x68 src/avr.o
 .debug_ranges  0x00000078       0x60 src/lcd.o

.debug_macro    0x00000000     0x2841
 *(.debug_macro)
 .debug_macro   0x00000000      0x134 src/ASF/mega/boards/stk600/rcx_x/init.o
 .debug_macro   0x00000134      0x5a4 src/ASF/mega/boards/stk600/rcx_x/init.o
 .debug_macro   0x000006d8       0x10 src/ASF/mega/boards/stk600/rcx_x/init.o
 .debug_macro   0x000006e8      0x1ad src/ASF/mega/boards/stk600/rcx_x/init.o
 .debug_macro   0x00000895      0x293 src/ASF/mega/boards/stk600/rcx_x/init.o
 .debug_macro   0x00000b28       0x9e src/ASF/mega/boards/stk600/rcx_x/init.o
 .debug_macro   0x00000bc6      0xbfa src/ASF/mega/boards/stk600/rcx_x/init.o
 .debug_macro   0x000017c0      0x170 src/ASF/mega/boards/stk600/rcx_x/init.o
 .debug_macro   0x00001930       0xbd src/ASF/mega/boards/stk600/rcx_x/init.o
 .debug_macro   0x000019ed       0x34 src/ASF/mega/boards/stk600/rcx_x/init.o
 .debug_macro   0x00001a21       0x18 src/ASF/mega/boards/stk600/rcx_x/init.o
 .debug_macro   0x00001a39       0x6c src/ASF/mega/boards/stk600/rcx_x/init.o
 .debug_macro   0x00001aa5       0x22 src/ASF/mega/boards/stk600/rcx_x/init.o
 .debug_macro   0x00001ac7      0x16c src/ASF/mega/boards/stk600/rcx_x/init.o
 .debug_macro   0x00001c33       0x1c src/ASF/mega/boards/stk600/rcx_x/init.o
 .debug_macro   0x00001c4f       0x35 src/ASF/mega/boards/stk600/rcx_x/init.o
 .debug_macro   0x00001c84       0x51 src/ASF/mega/boards/stk600/rcx_x/init.o
 .debug_macro   0x00001cd5      0x2ee src/ASF/mega/boards/stk600/rcx_x/init.o
 .debug_macro   0x00001fc3       0x44 src/ASF/mega/boards/stk600/rcx_x/init.o
 .debug_macro   0x00002007       0x69 src/ASF/mega/boards/stk600/rcx_x/init.o
 .debug_macro   0x00002070       0x2c src/ASF/mega/boards/stk600/rcx_x/init.o
 .debug_macro   0x0000209c       0x10 src/ASF/mega/boards/stk600/rcx_x/init.o
 .debug_macro   0x000020ac       0xd4 src/ASF/mega/boards/stk600/rcx_x/init.o
 .debug_macro   0x00002180       0x40 src/ASF/mega/boards/stk600/rcx_x/init.o
 .debug_macro   0x000021c0      0x100 src/ASF/mega/boards/stk600/rcx_x/init.o
 .debug_macro   0x000022c0      0x1dd src/ASF/mega/boards/stk600/rcx_x/init.o
 .debug_macro   0x0000249d       0xc6 src/avr.o
 .debug_macro   0x00002563       0x63 src/avr.o
 .debug_macro   0x000025c6       0x89 src/avr.o
 .debug_macro   0x0000264f       0xe0 src/avr.o
 .debug_macro   0x0000272f       0x2e src/avr.o
 .debug_macro   0x0000275d       0xe4 src/lcd.o
OUTPUT(USER_APPLICATION1.elf elf32-avr)
LOAD linker stubs
